###############################################################################
#
# IAR ELF Linker V8.40.2.214/W32 for ARM                  18/Feb/2021  19:19:01
# Copyright 2007-2019 IAR Systems AB.
#
#    Output file  =  C:\Users\User\Desktop\Temperature\Debug\Exe\Temp.out
#    Map file     =  C:\Users\User\Desktop\Temperature\Debug\List\Temp.map
#    Command line =
#        -f C:\Users\User\AppData\Local\Temp\EW4DAC.tmp
#        (C:\Users\User\Desktop\Temperature\Debug\Obj\main.o
#        C:\Users\User\Desktop\Temperature\Debug\Obj\startup.o
#        --no_out_extension -o
#        C:\Users\User\Desktop\Temperature\Debug\Exe\Temp.out --redirect
#        _Printf=_PrintfFullNoMb --redirect _Scanf=_ScanfFullNoMb --map
#        C:\Users\User\Desktop\Temperature\Debug\List\Temp.map --config
#        "C:\Program Files (x86)\IAR Systems\Embedded Workbench
#        8.3\arm\config\linker\ST\stm32f411xE.icf" --semihosting --entry
#        __iar_program_start --vfe --text_out locale)
#
###############################################################################

*******************************************************************************
*** RUNTIME MODEL ATTRIBUTES
***

CppFlavor                     = *
__CPP_Exceptions              = Disabled
__CPP_Language                = C++14
__Heap_Handler                = DLMalloc
__SystemLibrary               = DLib
__dlib_dynamic_initialization = normal
__dlib_version                = 6


*******************************************************************************
*** HEAP SELECTION
***

The advanced heap was selected because the application calls memory
allocation functions outside of system library functions, and there
are calls to deallocation functions in the application.


*******************************************************************************
*** PLACEMENT SUMMARY
***

"A0":  place at address 0x800'0000 { ro section .intvec };
"P1":  place in [from 0x800'0000 to 0x807'ffff] { ro };
define block CSTACK with size = 8K, alignment = 8 { };
define block HEAP with size = 8K, alignment = 8 { };
"P2":  place in [from 0x2000'0000 to 0x2001'ffff] {
          rw, block CSTACK, block HEAP };
initialize by copy { rw };

  Section                Kind         Address    Size  Object
  -------                ----         -------    ----  ------
"A0":                                           0x198
  .intvec                const     0x800'0000   0x198  startup.o [1]
                                 - 0x800'0198   0x198

"P1":                                          0x5774
  .text                  ro code   0x800'0198  0x149c  dlmalloc.o [2]
  .text                  ro code   0x800'1634     0x6  abort.o [2]
  .text                  ro code   0x800'163a    0x3a  zero_init3.o [5]
  .text                  ro code   0x800'1674    0x2c  xgetmemchunk.o [2]
  .text                  ro code   0x800'16a0    0x14  exit.o [6]
  .text                  ro code   0x800'16b4    0x7c  iarttio.o [6]
  .text                  ro code   0x800'1730    0x3c  XShttio.o [2]
  .text                  ro code   0x800'176c   0xfaa  xprintffull_nomb.o [2]
  .text                  ro code   0x800'2716    0x2e  copy_init3.o [5]
  .text                  ro code   0x800'2744    0x16  strchr.o [5]
  .text                  ro code   0x800'275a     0xa  xsprout.o [2]
  .text                  ro code   0x800'2764    0x40  xfail_s.o [2]
  .text                  ro code   0x800'27a4    0x36  strlen.o [5]
  .text                  ro code   0x800'27da     0x6  iostream_cout.o [3]
  .text                  ro code   0x800'27e0    0x58  memchr.o [5]
  .text                  ro code   0x800'2838    0x76  ABImemcpy_unaligned.o [5]
  .rodata                const     0x800'28ae     0x2  main.o [1]
  .text                  ro code   0x800'28b0    0x70  frexp.o [4]
  .text                  ro code   0x800'2920    0x2e  DblCmpLe.o [4]
  .text                  ro code   0x800'294e     0x2  iostream_cout.o [3]
  .text                  ro code   0x800'2950    0x2e  DblCmpGe.o [4]
  .text                  ro code   0x800'297e     0x2  iostream_cout.o [3]
  .text                  ro code   0x800'2980   0x13a  ldexp.o [4]
  .rodata                const     0x800'2aba     0x1  main.o [1]
  .rodata                const     0x800'2abb     0x1  main.o [1]
  .text                  ro code   0x800'2abc    0x3a  DblToS32.o [4]
  .rodata                const     0x800'2af6     0x1  unwind_debug.o [6]
  .text                  ro code   0x800'2af8    0x22  S32ToDbl.o [4]
  .text                  ro code   0x800'2b1c    0xe2  DblSub.o [4]
  .text                  ro code   0x800'2c00   0x246  DblDiv.o [4]
  .text                  ro code   0x800'2e48    0x28  DblToU32.o [4]
  .text                  ro code   0x800'2e70    0x1a  U32ToDbl.o [4]
  .text                  ro code   0x800'2e8c   0x1a2  DblMul.o [4]
  .text                  ro code   0x800'3030   0x230  I64DivMod.o [5]
  .text                  ro code   0x800'3260   0x17a  DblAdd.o [4]
  .text                  ro code   0x800'33dc     0x2  I64DivZer.o [5]
  .text                  ro code   0x800'33e0   0x2ac  main.o [1]
  .text                  ro code   0x800'368c     0x4  main.o [1]
  .text                  ro code   0x800'3690     0x6  main.o [1]
  .text                  ro code   0x800'3696    0x22  strcspn.o [2]
  .text                  ro code   0x800'36b8    0x20  main.o [1]
  .text                  ro code   0x800'36d8     0x6  main.o [1]
  .text                  ro code   0x800'36de    0x2a  main.o [1]
  .text                  ro code   0x800'3708     0xc  main.o [1]
  .text                  ro code   0x800'3714    0x12  main.o [1]
  .text                  ro code   0x800'3728    0x30  main.o [1]
  .text                  ro code   0x800'3758     0xa  main.o [1]
  .text                  ro code   0x800'3762     0xa  main.o [1]
  .text                  ro code   0x800'376c    0x96  main.o [1]
  .text                  ro code   0x800'3802     0xa  main.o [1]
  .text                  ro code   0x800'380c     0xc  main.o [1]
  .text                  ro code   0x800'3818     0xa  main.o [1]
  .text                  ro code   0x800'3822     0x4  main.o [1]
  .text                  ro code   0x800'3826    0x2e  main.o [1]
  .text                  ro code   0x800'3854    0x2e  main.o [1]
  .text                  ro code   0x800'3882     0x8  main.o [1]
  .text                  ro code   0x800'388a    0x12  main.o [1]
  .text                  ro code   0x800'389c    0x18  main.o [1]
  .text                  ro code   0x800'38b4     0x8  main.o [1]
  .text                  ro code   0x800'38bc    0x7a  main.o [1]
  .text                  ro code   0x800'3936    0x3a  main.o [1]
  .text                  ro code   0x800'3970     0xc  main.o [1]
  .text                  ro code   0x800'397c    0x18  main.o [1]
  .text                  ro code   0x800'3994     0xa  cxxabi.o [3]
  .text                  ro code   0x800'399e     0xa  main.o [1]
  .text                  ro code   0x800'39a8    0x7a  main.o [1]
  .text                  ro code   0x800'3a22    0x12  main.o [1]
  .text                  ro code   0x800'3a34    0x2a  main.o [1]
  .text                  ro code   0x800'3a5e    0x28  main.o [1]
  .text                  ro code   0x800'3a86     0xc  main.o [1]
  .text                  ro code   0x800'3a92     0xa  main.o [1]
  .text                  ro code   0x800'3a9c     0x2  main.o [1]
  .text                  ro code   0x800'3a9e    0x2e  main.o [1]
  .text                  ro code   0x800'3acc     0x2  main.o [1]
  .text                  ro code   0x800'3ace     0x8  main.o [1]
  .text                  ro code   0x800'3ad8    0x18  main.o [1]
  .text                  ro code   0x800'3af0     0xa  main.o [1]
  .text                  ro code   0x800'3afa     0x8  main.o [1]
  .text                  ro code   0x800'3b02     0x8  main.o [1]
  .text                  ro code   0x800'3b0a     0x8  main.o [1]
  .text                  ro code   0x800'3b12     0x8  main.o [1]
  .text                  ro code   0x800'3b1a    0x12  main.o [1]
  .text                  ro code   0x800'3b2c     0x8  main.o [1]
  .text                  ro code   0x800'3b34     0x8  main.o [1]
  .text                  ro code   0x800'3b3c    0x12  main.o [1]
  .text                  ro code   0x800'3b4e     0x8  main.o [1]
  .text                  ro code   0x800'3b58    0xa0  cppinit.o [2]
  .text                  ro code   0x800'3bf8    0x18  main.o [1]
  .text                  ro code   0x800'3c10    0xd6  main.o [1]
  .text                  ro code   0x800'3ce8    0x78  ABImemmove_unaligned.o [5]
  .text                  ro code   0x800'3d60     0x6  main.o [1]
  .text                  ro code   0x800'3d66    0x10  main.o [1]
  .text                  ro code   0x800'3d76     0x8  main.o [1]
  .text                  ro code   0x800'3d7e    0x12  main.o [1]
  .text                  ro code   0x800'3d90    0x32  main.o [1]
  .text                  ro code   0x800'3dc2    0x12  main.o [1]
  .text                  ro code   0x800'3dd4     0xc  main.o [1]
  .text                  ro code   0x800'3de0    0x1c  main.o [1]
  .text                  ro code   0x800'3dfc     0x2  main.o [1]
  .text                  ro code   0x800'3dfe     0x8  main.o [1]
  .text                  ro code   0x800'3e06     0x2  main.o [1]
  .text                  ro code   0x800'3e08     0xc  main.o [1]
  .text                  ro code   0x800'3e14     0x2  main.o [1]
  .text                  ro code   0x800'3e18    0x28  main.o [1]
  .text                  ro code   0x800'3e40     0x8  main.o [1]
  .text                  ro code   0x800'3e48     0x8  main.o [1]
  .text                  ro code   0x800'3e50     0x8  main.o [1]
  .text                  ro code   0x800'3e58     0x2  main.o [1]
  .text                  ro code   0x800'3e5a    0x18  main.o [1]
  .text                  ro code   0x800'3e74    0x66  ABImemset.o [5]
  .text                  ro code   0x800'3eda     0x2  main.o [1]
  .text                  ro code   0x800'3edc    0x18  main.o [1]
  .text                  ro code   0x800'3ef4     0xe  main.o [1]
  .text                  ro code   0x800'3f02     0x4  main.o [1]
  .text                  ro code   0x800'3f06     0x2  main.o [1]
  .text                  ro code   0x800'3f08     0x8  main.o [1]
  .text                  ro code   0x800'3f10     0xa  main.o [1]
  .text                  ro code   0x800'3f1a     0x2  main.o [1]
  .text                  ro code   0x800'3f1c     0x8  main.o [1]
  .text                  ro code   0x800'3f24    0x70  main.o [1]
  .text                  ro code   0x800'3f94     0x4  main.o [1]
  .text                  ro code   0x800'3f98     0x2  main.o [1]
  .text                  ro code   0x800'3f9a     0x8  main.o [1]
  .text                  ro code   0x800'3fa2     0xe  main.o [1]
  .text                  ro code   0x800'3fb0     0x2  main.o [1]
  .text                  ro code   0x800'3fb2    0x18  main.o [1]
  .text                  ro code   0x800'3fca     0x2  main.o [1]
  .text                  ro code   0x800'3fcc     0xa  delop_0.o [3]
  .text                  ro code   0x800'3fd6    0x34  main.o [1]
  .text                  ro code   0x800'400a    0x1a  main.o [1]
  .text                  ro code   0x800'4024     0x6  main.o [1]
  .text                  ro code   0x800'402a    0x12  main.o [1]
  .text                  ro code   0x800'403c    0x20  main.o [1]
  .text                  ro code   0x800'405c     0x4  heaptramp0.o [2]
  .text                  ro code   0x800'4060    0x24  newop_0.o [3]
  .text                  ro code   0x800'4084     0x4  main.o [1]
  .text                  ro code   0x800'4088     0x4  nomemory.o [3]
  .text                  ro code   0x800'408c   0x234  main.o [1]
  .text                  ro code   0x800'42c0   0x1b2  main.o [1]
  .text                  ro code   0x800'4472    0x12  main.o [1]
  .text                  ro code   0x800'4484    0x72  main.o [1]
  .text                  ro code   0x800'44f6     0x4  main.o [1]
  .text                  ro code   0x800'44fa     0x8  main.o [1]
  .text                  ro code   0x800'4502     0x6  main.o [1]
  .text                  ro code   0x800'4508     0x4  main.o [1]
  .text                  ro code   0x800'450c     0xa  main.o [1]
  .text                  ro code   0x800'4516    0x28  main.o [1]
  .text                  ro code   0x800'453e     0xe  main.o [1]
  .text                  ro code   0x800'454c     0x8  main.o [1]
  .text                  ro code   0x800'4554    0x14  main.o [1]
  .text                  ro code   0x800'4568     0x4  main.o [1]
  .text                  ro code   0x800'456c    0x54  main.o [1]
  .text                  ro code   0x800'45c0     0x4  main.o [1]
  .text                  ro code   0x800'45c4    0x18  main.o [1]
  .text                  ro code   0x800'45dc     0x8  main.o [1]
  .text                  ro code   0x800'45e4    0x28  main.o [1]
  .text                  ro code   0x800'460c     0xa  main.o [1]
  .text                  ro code   0x800'4616    0x14  main.o [1]
  .text                  ro code   0x800'462c   0x104  ios.o [3]
  .text                  ro code   0x800'4730     0x8  main.o [1]
  .text                  ro code   0x800'4738    0x54  main.o [1]
  .text                  ro code   0x800'478c     0x8  main.o [1]
  .text                  ro code   0x800'4794     0x4  delop4_0.o [3]
  .text                  ro code   0x800'4798    0x48  main.o [1]
  .text                  ro code   0x800'47e0    0x46  main.o [1]
  .text                  ro code   0x800'4828   0x190  main.o [1]
  .text                  ro code   0x800'49b8     0x4  main.o [1]
  .text                  ro code   0x800'49bc    0x20  DblCmpEq.o [4]
  .text                  ro code   0x800'49dc    0xd2  main.o [1]
  .text                  ro code   0x800'4ab0    0x40  sprintf.o [2]
  .text                  ro code   0x800'4af0   0x124  main.o [1]
  .text                  ro code   0x800'4c14    0x10  main.o [1]
  .text                  ro code   0x800'4c24    0x10  main.o [1]
  .text                  ro code   0x800'4c34    0x14  main.o [1]
  .text                  ro code   0x800'4c48    0x1c  main.o [1]
  .text                  ro code   0x800'4c64    0x10  main.o [1]
  .text                  ro code   0x800'4c74    0x10  main.o [1]
  .text                  ro code   0x800'4c84    0x10  main.o [1]
  .text                  ro code   0x800'4c94    0x14  main.o [1]
  .text                  ro code   0x800'4ca8    0x14  main.o [1]
  .text                  ro code   0x800'4cbc    0x14  main.o [1]
  .text                  ro code   0x800'4cd0    0x14  main.o [1]
  .text                  ro code   0x800'4ce4    0x10  main.o [1]
  .text                  ro code   0x800'4cf4    0x14  main.o [1]
  .text                  ro code   0x800'4d08    0x10  main.o [1]
  .text                  ro code   0x800'4d18    0x10  main.o [1]
  .text                  ro code   0x800'4d28    0x10  main.o [1]
  .text                  ro code   0x800'4d38    0x10  main.o [1]
  .text                  ro code   0x800'4d48    0x10  main.o [1]
  .text                  ro code   0x800'4d58    0x14  main.o [1]
  .text                  ro code   0x800'4d6c    0x10  main.o [1]
  .text                  ro code   0x800'4d7c    0x10  main.o [1]
  .text                  ro code   0x800'4d8c    0x10  main.o [1]
  .text                  ro code   0x800'4d9c     0xc  main.o [1]
  .text                  ro code   0x800'4da8    0x9a  main.o [1]
  .text                  ro code   0x800'4e42     0x6  main.o [1]
  .text                  ro code   0x800'4e48    0x48  FltToDbl.o [4]
  .text                  ro code   0x800'4e90    0x68  DblToFlt.o [4]
  .text                  ro code   0x800'4ef8    0xb0  main.o [1]
  .text                  ro code   0x800'4fa8    0x20  main.o [1]
  .text                  ro code   0x800'4fc8     0x8  main.o [1]
  .text                  ro code   0x800'4fd0    0x18  main.o [1]
  .text                  ro code   0x800'4fe8     0x4  main.o [1]
  .text                  ro code   0x800'4fec    0x18  main.o [1]
  .text                  ro code   0x800'5004    0x18  main.o [1]
  .text                  ro code   0x800'501c     0x8  main.o [1]
  .text                  ro code   0x800'5024     0xc  main.o [1]
  .text                  ro code   0x800'5030    0xa0  main.o [1]
  .text                  ro code   0x800'50d0    0x90  iostream_cout.o [3]
  .text                  ro code   0x800'5160    0x5c  iostream_cout.o [3]
  .text                  ro code   0x800'51bc    0x7c  main.o [1]
  .text                  ro code   0x800'5238    0x22  main.o [1]
  .text                  ro code   0x800'525a    0x6c  main.o [1]
  .text                  ro code   0x800'52c6    0x76  main.o [1]
  .text                  ro code   0x800'533c    0x60  iostream_cout.o [3]
  .text                  ro code   0x800'539c    0x58  main.o [1]
  .text                  ro code   0x800'53f4    0x52  main.o [1]
  .text                  ro code   0x800'5446    0x32  main.o [1]
  .rodata                const     0x800'5478    0x44  iostream_cout.o [3]
  .rodata                const     0x800'54bc    0x44  iostream_cout.o [3]
  .text                  ro code   0x800'5500    0x38  iostream_cout.o [3]
  .text                  ro code   0x800'5538    0x20  putchar.o [2]
  .text                  ro code   0x800'5558    0x10  write.o [6]
  .text                  ro code   0x800'5568    0x1e  dwrite.o [6]
  .text                  ro code   0x800'5586    0x20  iarwstd.o [6]
  .text                  ro code   0x800'55a6    0x22  iarwrite.o [6]
  .rodata                const     0x800'55c8    0x30  main.o [1]
  .rodata                const     0x800'55f8    0x30  main.o [1]
  .text                  ro code   0x800'5628    0x2e  main.o [1]
  .text                  ro code   0x800'5656    0x12  main.o [1]
  .rodata                const     0x800'5668    0x28  iostream_cout.o [3]
  .text                  ro code   0x800'5690    0x28  data_init.o [5]
  .rodata                const     0x800'56b8    0x24  main.o [1]
  .rodata                const     0x800'56dc    0x24  main.o [1]
  .text                  ro code   0x800'5700    0x24  main.o [1]
  .text                  ro code   0x800'5724    0x18  main.o [1]
  .text                  ro code   0x800'573c    0x22  fpinit_M.o [4]
  .iar.init_table        const     0x800'5760    0x28  - Linker created -
  .text                  ro code   0x800'5788    0x20  cmain_call_ctors.o [5]
  .text                  ro code   0x800'57a8    0x1e  cmain.o [5]
  .text                  ro code   0x800'57c6     0x4  exit.o [2]
  .text                  ro code   0x800'57cc     0xe  cexit.o [5]
  .text                  ro code   0x800'57dc    0x18  main.o [1]
  .text                  ro code   0x800'57f4    0x18  main.o [1]
  .text                  ro code   0x800'580c     0x4  delaop_0.o [3]
  .text                  ro code   0x800'5810    0x14  iostream_cout.o [3]
  .text                  ro code   0x800'5824    0x12  startup.o [1]
  .rodata                const     0x800'5838    0x10  main.o [1]
  .rodata                const     0x800'5848    0x10  main.o [1]
  .rodata                const     0x800'5858    0x10  main.o [1]
  .rodata                const     0x800'5868    0x10  ios.o [3]
  .rodata                const     0x800'5878    0x10  iostream_cout.o [3]
  Initializer bytes      const     0x800'5888    0x10  <for P2-1>
  .text                  ro code   0x800'5898     0xe  main.o [1]
  .text                  ro code   0x800'58a6     0x8  main.o [1]
  .text                  ro code   0x800'58ae     0xe  iostream_cout.o [3]
  .rodata                const     0x800'58bc     0xc  main.o [1]
  .text                  ro code   0x800'58c8     0xa  main.o [1]
  .rodata                const     0x800'58d4     0x8  main.o [1]
  .rodata                const     0x800'58dc     0x8  main.o [1]
  .rodata                const     0x800'58e4     0x8  xprintffull_nomb.o [2]
  SHT$$PREINIT_ARRAY               0x800'58ec     0x4  <Block>
    .preinit_array       const     0x800'58ec     0x4  iostream_cout.o [3]
  SHT$$INIT_ARRAY                  0x800'58f0     0x4  <Block>
    .init_array          const     0x800'58f0     0x4  ios.o [3]
  __iar_tls$$INIT_ARRAY            0x800'58f4     0x0  <Block>
  .rodata                const     0x800'58f4     0x4  main.o [1]
  .rodata                const     0x800'58f8     0x4  main.o [1]
  .rodata                const     0x800'58fc     0x4  main.o [1]
  .text                  ro code   0x800'5900     0x4  main.o [1]
  .text                  ro code   0x800'5904     0x4  main.o [1]
  .text                  ro code   0x800'5908     0x4  iostream_cout.o [3]
  .text                  ro code   0x800'590c     0x0  cstart_call_dtors.o [5]
  .rodata                const     0x800'590c     0x0  zero_init3.o [5]
  .rodata                const     0x800'590c     0x0  copy_init3.o [5]
                                 - 0x800'590c  0x5774

"P2", part 1 of 3:                               0x10
  P2-1                            0x2000'0000    0x10  <Init block>
    .data                inited   0x2000'0000     0x4  main.o [1]
    .data                inited   0x2000'0004     0x4  main.o [1]
    .data                inited   0x2000'0008     0x8  XShttio.o [2]
                                - 0x2000'0010    0x10

"P2", part 2 of 3:                              0x2dc
  .bss                   zero     0x2000'0010   0x1d8  dlmalloc.o [2]
  .bss                   zero     0x2000'01e8    0x70  iostream_cout.o [3]
  .bss                   zero     0x2000'0258    0x34  ios.o [3]
  .bss                   zero     0x2000'028c    0x18  dlmalloc.o [2]
  .bss                   zero     0x2000'02a4    0x14  main.o [1]
  .bss                   zero     0x2000'02b8    0x10  ios.o [3]
  .bss                   zero     0x2000'02c8     0x4  main.o [1]
  .bss                   zero     0x2000'02cc     0x4  main.o [1]
  .bss                   zero     0x2000'02d0     0x4  main.o [1]
  .bss                   zero     0x2000'02d4     0x4  cppinit.o [2]
  .bss                   zero     0x2000'02d8     0x4  cppinit.o [2]
  .bss                   zero     0x2000'02dc     0x4  new.o [3]
  .bss                   zero     0x2000'02e0     0x4  xfail_s.o [2]
  .bss                   zero     0x2000'02e4     0x4  xgetmemchunk.o [2]
  .bss                   zero     0x2000'02e8     0x1  main.o [1]
  .bss                   zero     0x2000'02e9     0x1  main.o [1]
  .bss                   zero     0x2000'02ea     0x1  main.o [1]
  .bss                   zero     0x2000'02eb     0x1  XShttio.o [2]
                                - 0x2000'02ec   0x2dc

"P2", part 3 of 3:                             0x41a4
  .iar.dynexit                    0x2000'02ec   0x1a4  <Block>
    .iar.dynexit         uninit   0x2000'02ec     0xc  cppinit.o [2]
    .iar.dynexit         uninit   0x2000'02f8   0x198  <Block tail>
  CSTACK                          0x2000'0490  0x2000  <Block>
    CSTACK               uninit   0x2000'0490  0x2000  <Block tail>
  HEAP                            0x2000'2490  0x2000  <Block>
    HEAP                 uninit   0x2000'2490  0x2000  <Block tail>
                                - 0x2000'4490  0x41a4

Unused ranges:

         From           To      Size
         ----           --      ----
   0x800'590c   0x807'ffff  0x7'a6f4
  0x2000'4490  0x2001'ffff  0x1'bb70


*******************************************************************************
*** INIT TABLE
***

          Address      Size
          -------      ----
Zero (__iar_zero_init3)
    1 destination range, total size 0x2dc:
          0x2000'0010  0x2dc

Copy (__iar_copy_init3)
    1 source range, total size 0x10:
           0x800'5888   0x10
    1 destination range, total size 0x10:
          0x2000'0000   0x10

Extra (__iar_cstart_call_ctors)



*******************************************************************************
*** MODULE SUMMARY
***

    Module                  ro code  ro data  rw data
    ------                  -------  -------  -------
command line/config:
    -------------------------------------------------
    Total:

C:\Users\User\Desktop\Temperature\Debug\Obj: [1]
    main.o                    7'190      268       43
    startup.o                    18      408
    -------------------------------------------------
    Total:                    7'208      676       43

dl7M_tln.a: [2]
    XShttio.o                    60        8        9
    abort.o                       6
    cppinit.o                   160                20
    dlmalloc.o                5'276               496
    exit.o                        4
    heaptramp0.o                  4
    putchar.o                    32
    sprintf.o                    64
    strcspn.o                    34
    xfail_s.o                    64                 4
    xgetmemchunk.o               44                 4
    xprintffull_nomb.o        4'010        8
    xsprout.o                    10
    -------------------------------------------------
    Total:                    9'768       16      533

dlpp7M_tl_nc.a: [3]
    cxxabi.o                     10
    delaop_0.o                    4
    delop4_0.o                    4
    delop_0.o                    10
    ios.o                       260       20       68
    iostream_cout.o             436      196      112
    new.o                                           4
    newop_0.o                    36
    nomemory.o                    4
    -------------------------------------------------
    Total:                      764      216      184

m7M_tls.a: [4]
    DblAdd.o                    378
    DblCmpEq.o                   32
    DblCmpGe.o                   46
    DblCmpLe.o                   46
    DblDiv.o                    582
    DblMul.o                    418
    DblSub.o                    226
    DblToFlt.o                  104
    DblToS32.o                   58
    DblToU32.o                   40
    FltToDbl.o                   72
    S32ToDbl.o                   34
    U32ToDbl.o                   26
    fpinit_M.o                   34
    frexp.o                     112
    ldexp.o                     314
    -------------------------------------------------
    Total:                    2'522

rt7M_tl.a: [5]
    ABImemcpy_unaligned.o       118
    ABImemmove_unaligned.o      120
    ABImemset.o                 102
    I64DivMod.o                 560
    I64DivZer.o                   2
    cexit.o                      14
    cmain.o                      30
    cmain_call_ctors.o           32
    copy_init3.o                 46
    cstart_call_dtors.o
    data_init.o                  40
    memchr.o                     88
    strchr.o                     22
    strlen.o                     54
    zero_init3.o                 58
    -------------------------------------------------
    Total:                    1'286

shb_l.a: [6]
    dwrite.o                     30
    exit.o                       20
    iarttio.o                   124
    iarwrite.o                   34
    iarwstd.o                    32
    unwind_debug.o                         1
    write.o                      16
    -------------------------------------------------
    Total:                      256        1

    Gaps                         37        6
    Linker created                        40   16'792
-----------------------------------------------------
    Grand Total:             21'841      955   17'552


*******************************************************************************
*** ENTRY LIST
***

Entry                       Address   Size  Type      Object
-----                       -------   ----  ----      ------
.iar.dynexit$$Base      0x2000'02ec          --   Gb  - Linker created -
.iar.dynexit$$Limit     0x2000'0490          --   Gb  - Linker created -
.iar.init_table$$Base    0x800'5760          --   Gb  - Linker created -
.iar.init_table$$Limit   0x800'5788          --   Gb  - Linker created -
?main                    0x800'57a9         Code  Gb  cmain.o [5]
AVG_Slope               0x2000'0004    0x4  Data  Gb  main.o [1]
CSTACK$$Base            0x2000'0490          --   Gb  - Linker created -
CSTACK$$Limit           0x2000'2490          --   Gb  - Linker created -
DtorRecArray            0x2000'02ec    0xc  Data  Lc  cppinit.o [2]
DummyModule::handler()   0x800'5825    0x2  Code  Gb  startup.o [1]
HEAP$$Base              0x2000'2490          --   Gb  - Linker created -
HEAP$$Limit             0x2000'4490          --   Gb  - Linker created -
Initialization guard variable for std::ctype<char> const & std::use_facet<std::ctype<char>>()::_MyFacet
                        0x2000'02e9    0x1  Data  Gb  main.o [1]
Initialization guard variable for std::num_put<char, std::ostreambuf_iterator<char, std::char_traits<char>>> const & std::use_facet<std::num_put<char, std::ostreambuf_iterator<char, std::char_traits<char>>>>()::_MyFacet
                        0x2000'02e8    0x1  Data  Gb  main.o [1]
Initialization guard variable for std::numpunct<char> const & std::use_facet<std::numpunct<char>>()::_MyFacet
                        0x2000'02ea    0x1  Data  Gb  main.o [1]
Region$$Table$$Base      0x800'5760          --   Gb  - Linker created -
Region$$Table$$Limit     0x800'5788          --   Gb  - Linker created -
SHT$$INIT_ARRAY$$Base    0x800'58f0          --   Gb  - Linker created -
SHT$$INIT_ARRAY$$Limit   0x800'58f4          --   Gb  - Linker created -
SHT$$PREINIT_ARRAY$$Base
                         0x800'58ec          --   Gb  - Linker created -
SHT$$PREINIT_ARRAY$$Limit
                         0x800'58f0          --   Gb  - Linker created -
Temperature             0x2000'02d0    0x4  Data  Gb  main.o [1]
V25                     0x2000'0000    0x4  Data  Gb  main.o [1]
Virtual function table for std::_Wrap_facet<std::ctype<char>>
                         0x800'5848   0x10  Data  Gb  main.o [1]
Virtual function table for std::_Wrap_facet<std::num_put<char, std::ostreambuf_iterator<char, std::char_traits<char>>>>
                         0x800'55f8   0x30  Data  Gb  main.o [1]
Virtual function table for std::_Wrap_facet<std::numpunct<char>>
                         0x800'56dc   0x24  Data  Gb  main.o [1]
Virtual function table for std::__nobasic_filebuf<char, std::char_traits<char>>
                         0x800'54bc   0x44  Data  Gb  iostream_cout.o [3]
Virtual function table for std::ctype<char>
                         0x800'5838   0x10  Data  Gb  main.o [1]
Virtual function table for std::ios
                         0x800'5878   0x10  Data  Gb  iostream_cout.o [3]
Virtual function table for std::ios_base
                         0x800'5868   0x10  Data  Gb  ios.o [3]
Virtual function table for std::num_put<char, std::ostreambuf_iterator<char, std::char_traits<char>>>
                         0x800'55c8   0x30  Data  Gb  main.o [1]
Virtual function table for std::numpunct<char>
                         0x800'56b8   0x24  Data  Gb  main.o [1]
Virtual function table for std::ostream
                         0x800'5668   0x28  Data  Gb  iostream_cout.o [3]
Virtual function table for std::streambuf
                         0x800'5478   0x44  Data  Gb  iostream_cout.o [3]
[local to ios_cpp]::std::stdopens
                        0x2000'0258    0xc  Data  Lc  ios.o [3]
[local to ios_cpp]::std::stdstr
                        0x2000'0264   0x28  Data  Lc  ios.o [3]
[local to iostream_cout_cpp]::std::__iarcoutguard
                        0x2000'0214    0x1  Data  Lc  iostream_cout.o [3]
[local to iostream_cout_cpp]::std::fout
                        0x2000'0218   0x40  Data  Lc  iostream_cout.o [3]
_LitobFullNoMb           0x800'2511  0x10a  Code  Lc  xprintffull_nomb.o [2]
_PrintfFullNoMb          0x800'176d  0xd80  Code  Gb  xprintffull_nomb.o [2]
_PutcharFullNoMb         0x800'2681   0x20  Code  Lc  xprintffull_nomb.o [2]
_PutcharsFullNoMb        0x800'26a1   0x2e  Code  Lc  xprintffull_nomb.o [2]
_SProut                  0x800'275b    0xa  Code  Gb  xsprout.o [2]
__aeabi_atexit           0x800'3995    0xa  Code  Gb  cxxabi.o [3]
__aeabi_cdcmpeq          0x800'49bd         Code  Gb  DblCmpEq.o [4]
__aeabi_cdcmple          0x800'2921         Code  Gb  DblCmpLe.o [4]
__aeabi_cdrcmple         0x800'2951         Code  Gb  DblCmpGe.o [4]
__aeabi_d2f              0x800'4e91         Code  Gb  DblToFlt.o [4]
__aeabi_d2iz             0x800'2abd         Code  Gb  DblToS32.o [4]
__aeabi_d2uiz            0x800'2e49         Code  Gb  DblToU32.o [4]
__aeabi_dadd             0x800'3261         Code  Gb  DblAdd.o [4]
__aeabi_ddiv             0x800'2c01         Code  Gb  DblDiv.o [4]
__aeabi_dmul             0x800'2e8d         Code  Gb  DblMul.o [4]
__aeabi_dsub             0x800'2b1d         Code  Gb  DblSub.o [4]
__aeabi_f2d              0x800'4e49         Code  Gb  FltToDbl.o [4]
__aeabi_i2d              0x800'2af9         Code  Gb  S32ToDbl.o [4]
__aeabi_ldiv0            0x800'33dd         Code  Gb  I64DivZer.o [5]
__aeabi_memset           0x800'3e75         Code  Gb  ABImemset.o [5]
__aeabi_ui2d             0x800'2e71         Code  Gb  U32ToDbl.o [4]
__aeabi_uldivmod         0x800'3031         Code  Gb  I64DivMod.o [5]
__call_ctors             0x800'3b59   0x18  Code  Gb  cppinit.o [2]
__call_dtors             0x800'3ba7    0xc  Code  Gb  cppinit.o [2]
__call_dtors0            0x800'3bb3   0x36  Code  Gb  cppinit.o [2]
__cexit_call_dtors       0x800'57cf         Code  Gb  cexit.o [5]
__cmain                  0x800'57a9         Code  Gb  cmain.o [5]
__cstart_call_dtors      0x800'590c         Data  Gb  cstart_call_dtors.o [5]
__cxa_atexit             0x800'3b71   0x36  Code  Gb  cppinit.o [2]
__data_GetMemChunk       0x800'1675   0x2c  Code  Gb  xgetmemchunk.o [2]
__data_GetMemChunk::start
                        0x2000'02e4    0x4  Data  Lc  xgetmemchunk.o [2]
__dso_handle            0x2000'02d8    0x4  Data  Gb  cppinit.o [2]
__dwrite                 0x800'5569   0x1e  Code  Gb  dwrite.o [6]
__exit                   0x800'16a1   0x14  Code  Gb  exit.o [6]
__iar_Fail_s             0x800'2765   0x1c  Code  Gb  xfail_s.o [2]
__iar_Memchr             0x800'27e1         Code  Gb  memchr.o [5]
__iar_Memset             0x800'3e75         Code  Gb  ABImemset.o [5]
__iar_Memset_word        0x800'3e7d         Code  Gb  ABImemset.o [5]
__iar_Strchr             0x800'2745         Code  Gb  strchr.o [5]
__iar_close_ttio         0x800'16b5   0x2c  Code  Gb  iarttio.o [6]
__iar_copy_init3         0x800'2717   0x2e  Code  Gb  copy_init3.o [5]
__iar_cstart_call_ctors
                         0x800'5789   0x20  Code  Gb  cmain_call_ctors.o [5]
__iar_dadd               0x800'2b2d         Code  Gb  DblSub.o [4]
__iar_data_init3         0x800'5691   0x28  Code  Gb  data_init.o [5]
__iar_debug_exceptions   0x800'2af6    0x1  Data  Gb  unwind_debug.o [6]
__iar_dlfree             0x800'110f  0x51e  Code  Gb  dlmalloc.o [2]
__iar_dlmalloc           0x800'0221  0xeee  Code  Gb  dlmalloc.o [2]
__iar_dsub               0x800'3271         Code  Gb  DblAdd.o [4]
__iar_dsubStart          0x800'3283         Code  Gb  DblAdd.o [4]
__iar_frexp              0x800'28bd         Code  Gb  frexp.o [4]
__iar_frexpl             0x800'28bd         Code  Gb  frexp.o [4]
__iar_get_ttio           0x800'16e1   0x4c  Code  Gb  iarttio.o [6]
__iar_init_vfp           0x800'573d         Code  Gb  fpinit_M.o [4]
__iar_ldexp64            0x800'2981         Code  Gb  ldexp.o [4]
__iar_lookup_ttioh       0x800'175f    0x4  Code  Gb  XShttio.o [2]
__iar_program_start      0x800'5827   0x10  Code  Gb  startup.o [1]
__iar_scalbln64          0x800'2981         Code  Gb  ldexp.o [4]
__iar_scalbn64           0x800'2981         Code  Gb  ldexp.o [4]
__iar_sh_stdout          0x800'5587   0x20  Code  Gb  iarwstd.o [6]
__iar_sh_write           0x800'55a7   0x22  Code  Gb  iarwrite.o [6]
__iar_softfp___iar_frexp64
                         0x800'28b1         Code  Gb  frexp.o [4]
__iar_softfp_frexp       0x800'28b1         Code  Gb  frexp.o [4]
__iar_softfp_frexpl      0x800'28b1         Code  Gb  frexp.o [4]
__iar_tls$$INIT_ARRAY$$Base
                         0x800'58f4          --   Gb  - Linker created -
__iar_tls$$INIT_ARRAY$$Limit
                         0x800'58f4          --   Gb  - Linker created -
__iar_ttio_guard_lock    0x800'1731   0x1e  Code  Gb  XShttio.o [2]
__iar_ttio_guard_unlock
                         0x800'174f   0x10  Code  Gb  XShttio.o [2]
__iar_ttio_handles      0x2000'0008    0x8  Data  Lc  XShttio.o [2]
__iar_unaligned_memcpy   0x800'2839         Code  Gb  ABImemcpy_unaligned.o [5]
__iar_unaligned_memcpy4
                         0x800'2859         Code  Gb  ABImemcpy_unaligned.o [5]
__iar_unaligned_memcpy8
                         0x800'2859         Code  Gb  ABImemcpy_unaligned.o [5]
__iar_unaligned_memmove
                         0x800'3ce9         Code  Gb  ABImemmove_unaligned.o [5]
__iar_unaligned_memmove4
                         0x800'3ce9         Code  Gb  ABImemmove_unaligned.o [5]
__iar_unaligned_memmove8
                         0x800'3ce9         Code  Gb  ABImemmove_unaligned.o [5]
__iar_zero_init3         0x800'163b   0x3a  Code  Gb  zero_init3.o [5]
__low_level_init         0x800'4af1   0x5c  Code  Gb  main.o [1]
__sti__routine           0x800'462f    0xa  Code  Lc  ios.o [3]
__sti__routine           0x800'50d1   0x90  Code  Lc  iostream_cout.o [3]
__vector_table           0x800'0000  0x198  Data  Gb  startup.o [1]
__write                  0x800'5559   0x10  Code  Gb  write.o [6]
_call_main               0x800'57b5         Code  Gb  cmain.o [5]
_exit                    0x800'57cd         Code  Gb  cexit.o [5]
_gm_                    0x2000'0010  0x1d8  Data  Lc  dlmalloc.o [2]
_main                    0x800'57c3         Code  Gb  cmain.o [5]
abort                    0x800'1635    0x6  Code  Gb  abort.o [2]
bool FieldValueBase<ADC1_SR_EOC_Values<ADC1::SR, (unsigned int)1, (unsigned int)1, ReadWriteMode, ADC1::ADC1SRBase>, ADC1::ADC1SRBase, (unsigned int)1>::IsSet<ReadWriteMode, void>()
                         0x800'4d8d   0x10  Code  Gb  main.o [1]
bool FieldValueBase<RCC_CFGR_SWS_Values<RCC::CFGR, (unsigned int)2, (unsigned int)2, ReadMode, RCC::RCCCFGRBase>, RCC::RCCCFGRBase, (unsigned int)1>::IsSet<ReadMode, void>()
                         0x800'4c49   0x1c  Code  Gb  main.o [1]
bool FieldValueBase<RCC_CR_HSERDY_Values<RCC::CR, (unsigned int)17, (unsigned int)1, ReadMode, RCC::RCCCRBase>, RCC::RCCCRBase, (unsigned int)1>::IsSet<ReadMode, void>()
                         0x800'4c25   0x10  Code  Gb  main.o [1]
char * && std::forward<char *>(std::remove_reference<char *>::type &)
                         0x800'3fb1    0x2  Code  Gb  main.o [1]
char * std::_Addressof<char>(char &, std::integral_constant<bool, (bool)0>)
                         0x800'3e07    0x2  Code  Gb  main.o [1]
char * std::_Allocate<char>(unsigned int, char *, bool)
                         0x800'402b   0x12  Code  Gb  main.o [1]
char * std::_Maklocstr<char>(char const *, char *)
                         0x800'3fd7   0x34  Code  Gb  main.o [1]
char * std::addressof<char>(char &)
                         0x800'3b13    0x8  Code  Gb  main.o [1]
char std::_Maklocchr<char>(char, char *)
                         0x800'3f95    0x4  Code  Gb  main.o [1]
const std::allocator<char>& && std::forward<const std::allocator<char>&>(std::remove_reference<const std::allocator<char>&>::type &)
                         0x800'3f07    0x2  Code  Gb  main.o [1]
exit                     0x800'57c7    0x4  Code  Gb  exit.o [2]
free                     0x800'405d    0x4  Code  Gb  heaptramp0.o [2]
init_mparams             0x800'01b3   0x2c  Code  Lc  dlmalloc.o [2]
init_top                 0x800'01df   0x34  Code  Lc  dlmalloc.o [2]
ldexp                    0x800'2981         Code  Gb  ldexp.o [4]
ldexpl                   0x800'2981         Code  Gb  ldexp.o [4]
main                     0x800'4b4d   0x9e  Code  Gb  main.o [1]
memchr                   0x800'27e1         Code  Gb  memchr.o [5]
mparams                 0x2000'028c   0x18  Data  Lc  dlmalloc.o [2]
next_abi_dtor_rec       0x2000'02d4    0x4  Data  Lc  cppinit.o [2]
operator delete (void *)
                         0x800'3fcd    0xa  Code  Gb  delop_0.o [3]
operator delete (void *, unsigned int)
                         0x800'4795    0x4  Code  Gb  delop4_0.o [3]
operator delete[] (void *)
                         0x800'580d    0x4  Code  Gb  delaop_0.o [3]
operator new (unsigned int)
                         0x800'4061   0x24  Code  Gb  newop_0.o [3]
operator new (unsigned int, void *)
                         0x800'4085    0x4  Code  Gb  main.o [1]
putchar                  0x800'5539   0x20  Code  Gb  putchar.o [2]
scalbln                  0x800'2981         Code  Gb  ldexp.o [4]
scalblnl                 0x800'2981         Code  Gb  ldexp.o [4]
scalbn                   0x800'2981         Code  Gb  ldexp.o [4]
scalbnl                  0x800'2981         Code  Gb  ldexp.o [4]
scale                    0x800'261b   0x46  Code  Lc  xprintffull_nomb.o [2]
sec_hand                0x2000'02e0    0x4  Data  Lc  xfail_s.o [2]
segment_holding          0x800'0199   0x1a  Code  Lc  dlmalloc.o [2]
sprintf                  0x800'4ab1   0x40  Code  Gb  sprintf.o [2]
std::_Compressed_pair<std::_Wrap_alloc<std::allocator<char>>, std::_String_val<std::_Simple_types<char>>, (bool)1>::_Compressed_pair<const std::allocator<char>&, >(std::_One_then_variadic_args_t, const std::allocator<char>& &&,  &&...)
                         0x800'3de1   0x1c  Code  Gb  main.o [1]
std::_Compressed_pair<std::_Wrap_alloc<std::allocator<char>>, std::_String_val<std::_Simple_types<char>>, (bool)1>::_Get_first()
                         0x800'3dfd    0x2  Code  Gb  main.o [1]
std::_Compressed_pair<std::_Wrap_alloc<std::allocator<char>>, std::_String_val<std::_Simple_types<char>>, (bool)1>::_Get_first() const
                         0x800'3f99    0x2  Code  Gb  main.o [1]
std::_Compressed_pair<std::_Wrap_alloc<std::allocator<char>>, std::_String_val<std::_Simple_types<char>>, (bool)1>::_Get_second()
                         0x800'3e15    0x2  Code  Gb  main.o [1]
std::_Compressed_pair<std::_Wrap_alloc<std::allocator<char>>, std::_String_val<std::_Simple_types<char>>, (bool)1>::_Get_second() const
                         0x800'3edb    0x2  Code  Gb  main.o [1]
std::_Fpz               0x2000'02b8   0x10  Data  Gb  ios.o [3]
std::_NomemoryNothrow()
                         0x800'4089    0x4  Code  Gb  nomemory.o [3]
std::_String_alloc<std::_String_base_types<char, std::allocator<char>>>::_Bx()
                         0x800'3afb    0x8  Code  Gb  main.o [1]
std::_String_alloc<std::_String_base_types<char, std::allocator<char>>>::_Get_data()
                         0x800'3b35    0x8  Code  Gb  main.o [1]
std::_String_alloc<std::_String_base_types<char, std::allocator<char>>>::_Get_data() const
                         0x800'3d77    0x8  Code  Gb  main.o [1]
std::_String_alloc<std::_String_base_types<char, std::allocator<char>>>::_Getal()
                         0x800'3b03    0x8  Code  Gb  main.o [1]
std::_String_alloc<std::_String_base_types<char, std::allocator<char>>>::_Getal() const
                         0x800'3e41    0x8  Code  Gb  main.o [1]
std::_String_alloc<std::_String_base_types<char, std::allocator<char>>>::_Myptr()
                         0x800'3971    0xc  Code  Gb  main.o [1]
std::_String_alloc<std::_String_base_types<char, std::allocator<char>>>::_Myptr() const
                         0x800'3a87    0xc  Code  Gb  main.o [1]
std::_String_alloc<std::_String_base_types<char, std::allocator<char>>>::_Myres()
                         0x800'3af1    0xa  Code  Gb  main.o [1]
std::_String_alloc<std::_String_base_types<char, std::allocator<char>>>::_Mysize()
                         0x800'399f    0xa  Code  Gb  main.o [1]
std::_String_alloc<std::_String_base_types<char, std::allocator<char>>>::_Mysize() const
                         0x800'3a93    0xa  Code  Gb  main.o [1]
std::_String_alloc<std::_String_base_types<char, std::allocator<char>>>::_String_alloc(const std::allocator<char>&)
                         0x800'3ad9   0x18  Code  Gb  main.o [1]
std::_String_alloc<std::_String_base_types<char, std::allocator<char>>>::_String_alloc(const std::allocator<char>&) [subobject]
                         0x800'38b5    0x8  Code  Gb  main.o [1]
std::_String_val<std::_Simple_types<char>>::_Myptr()
                         0x800'3b3d   0x12  Code  Gb  main.o [1]
std::_String_val<std::_Simple_types<char>>::_Myptr() const
                         0x800'3d7f   0x12  Code  Gb  main.o [1]
std::_String_val<std::_Simple_types<char>>::_String_val()
                         0x800'3f11    0xa  Code  Gb  main.o [1]
std::_Wrap_alloc<std::allocator<char>>::_Wrap_alloc(const std::allocator<char>&)
                         0x800'3fcb    0x2  Code  Gb  main.o [1]
std::_Wrap_alloc<std::allocator<char>>::_Wrap_alloc(const std::allocator<char>&) [subobject]
                         0x800'3f09    0x8  Code  Gb  main.o [1]
std::_Wrap_alloc<std::allocator<char>>::allocate(unsigned int)
                         0x800'3e51    0x8  Code  Gb  main.o [1]
std::_Wrap_alloc<std::allocator<char>>::deallocate(char *, unsigned int)
                         0x800'3b2d    0x8  Code  Gb  main.o [1]
std::_Wrap_alloc<std::allocator<char>>::max_size(std::_Nil) const
                         0x800'3e49    0x8  Code  Gb  main.o [1]
std::_Wrap_facet<std::ctype<char>>::_Wrap_facet()
                         0x800'389d   0x18  Code  Gb  main.o [1]
std::_Wrap_facet<std::num_put<char, std::ostreambuf_iterator<char, std::char_traits<char>>>>::_Wrap_facet()
                         0x800'5005   0x18  Code  Gb  main.o [1]
std::_Wrap_facet<std::numpunct<char>>::_Wrap_facet()
                         0x800'397d   0x18  Code  Gb  main.o [1]
std::_Wrap_facet<std::numpunct<char>>::~_Wrap_facet()
                         0x800'5899    0xe  Code  Gb  main.o [1]
std::__iar_New_hand     0x2000'02dc    0x4  Data  Gb  new.o [3]
std::__iar_cout_guard::~__iar_cout_guard()
                         0x800'5811   0x14  Code  Gb  iostream_cout.o [3]
std::__nobasic_filebuf<char, std::char_traits<char>>::__nobasic_filebuf()
                         0x800'5161   0x5c  Code  Gb  iostream_cout.o [3]
std::__nobasic_filebuf<char, std::char_traits<char>>::overflow(int)
                         0x800'5501   0x38  Code  Gb  iostream_cout.o [3]
std::allocator<char>::allocate(unsigned int)
                         0x800'3fa3    0xe  Code  Gb  main.o [1]
std::allocator<char>::deallocate(char *, unsigned int)
                         0x800'3e09    0xc  Code  Gb  main.o [1]
std::allocator<char>::max_size() const
                         0x800'4025    0x6  Code  Gb  main.o [1]
std::allocator_traits<std::allocator<char>>::max_size(const std::allocator<char>&)
                         0x800'3f9b    0x8  Code  Gb  main.o [1]
std::char_traits<char>::assign(char &, char const &)
                         0x800'3d61    0x6  Code  Gb  main.o [1]
std::char_traits<char>::assign(char *, unsigned int, char)
                         0x800'3d67   0x10  Code  Gb  main.o [1]
std::char_traits<char>::copy(char *, char const *, unsigned int)
                         0x800'3b1b   0x12  Code  Gb  main.o [1]
std::char_traits<char>::eq_int_type(int const &, int const &)
                         0x800'3dc3   0x12  Code  Gb  main.o [1]
std::char_traits<char>::length(char const *)
                         0x800'4473   0x12  Code  Gb  main.o [1]
std::char_traits<char>::move(char *, char const *, unsigned int)
                         0x800'3a23   0x12  Code  Gb  main.o [1]
std::char_traits<char>::to_int_type(char const &)
                         0x800'3f03    0x4  Code  Gb  main.o [1]
std::cout               0x2000'01e8   0x2c  Data  Gb  iostream_cout.o [3]
std::ctype<char> const & std::use_facet<std::ctype<char>>()
                         0x800'36b9   0x20  Code  Gb  main.o [1]
std::ctype<char> const & std::use_facet<std::ctype<char>>()::_MyFacet
                        0x2000'02cc    0x4  Data  Gb  main.o [1]
std::ctype<char>::ctype()
                         0x800'3dd5    0xc  Code  Gb  main.o [1]
std::ctype<char>::ctype() [subobject]
                         0x800'3acf    0x8  Code  Gb  main.o [1]
std::ctype<char>::widen(char const *, char const *, char *) const
                         0x800'3715   0x12  Code  Gb  main.o [1]
std::ctype<char>::widen(char) const
                         0x800'36d9    0x6  Code  Gb  main.o [1]
std::ios::clear(std::_Iosb<int>::_Iostate, bool)
                         0x800'45c5   0x18  Code  Gb  main.o [1]
std::ios::fill() const   0x800'4503    0x6  Code  Gb  main.o [1]
std::ios::rdbuf() const
                         0x800'4509    0x4  Code  Gb  main.o [1]
std::ios::setstate(std::_Iosb<int>::_Iostate, bool)
                         0x800'4517   0x28  Code  Gb  main.o [1]
std::ios::tie() const    0x800'4569    0x4  Code  Gb  main.o [1]
std::ios::widen(char) const
                         0x800'5657   0x12  Code  Gb  main.o [1]
std::ios_base::_Addstd(std::ios_base*)
                         0x800'4699   0x36  Code  Gb  ios.o [3]
std::ios_base::_Callfns(std::ios_base::event)
                         0x800'467d   0x1c  Code  Gb  ios.o [3]
std::ios_base::_Init()   0x800'46dd   0x1c  Code  Gb  ios.o [3]
std::ios_base::_Tidy()   0x800'46f9   0x38  Code  Gb  ios.o [3]
std::ios_base::clear(std::_Iosb<int>::_Iostate, bool)
                         0x800'4639   0x20  Code  Gb  ios.o [3]
std::ios_base::flags() const
                         0x800'368d    0x4  Code  Gb  main.o [1]
std::ios_base::good() const
                         0x800'4555   0x14  Code  Gb  main.o [1]
std::ios_base::precision() const
                         0x800'49b9    0x4  Code  Gb  main.o [1]
std::ios_base::rdstate() const
                         0x800'45c1    0x4  Code  Gb  main.o [1]
std::ios_base::width() const
                         0x800'3823    0x4  Code  Gb  main.o [1]
std::ios_base::width(int)
                         0x800'3883    0x8  Code  Gb  main.o [1]
std::ios_base::~ios_base()
                         0x800'4659   0x24  Code  Gb  ios.o [3]
std::ios_base::~ios_base() [subobject]
                         0x800'462d    0x2  Code  Gb  ios.o [3]
std::num_put<char, std::ostreambuf_iterator<char, std::char_traits<char>>> const & std::use_facet<std::num_put<char, std::ostreambuf_iterator<char, std::char_traits<char>>>>()
                         0x800'4fa9   0x20  Code  Gb  main.o [1]
std::num_put<char, std::ostreambuf_iterator<char, std::char_traits<char>>> const & std::use_facet<std::num_put<char, std::ostreambuf_iterator<char, std::char_traits<char>>>>()::_MyFacet
                        0x2000'02c8    0x4  Data  Gb  main.o [1]
std::num_put<char, std::ostreambuf_iterator<char, std::char_traits<char>>>::_Ffmt(char *, char, std::_Iosb<int>::_Fmtflags) const
                         0x800'49dd   0xd2  Code  Gb  main.o [1]
std::num_put<char, std::ostreambuf_iterator<char, std::char_traits<char>>>::_Fput(std::ostreambuf_iterator<char, std::char_traits<char>>, std::ios_base &, char, char const *, unsigned int, unsigned int, unsigned int, unsigned int) const
                         0x800'33e1  0x2ac  Code  Gb  main.o [1]
std::num_put<char, std::ostreambuf_iterator<char, std::char_traits<char>>>::_Fput(std::ostreambuf_iterator<char, std::char_traits<char>>, std::ios_base &, char, char const *, unsigned int, unsigned int, unsigned int, unsigned int) const::string
                         0x800'58f8    0x4  Data  Gb  main.o [1]
std::num_put<char, std::ostreambuf_iterator<char, std::char_traits<char>>>::_Fput(std::ostreambuf_iterator<char, std::char_traits<char>>, std::ios_base &, char, char const *, unsigned int, unsigned int, unsigned int, unsigned int) const::string (instance 2)
                         0x800'58fc    0x4  Data  Gb  main.o [1]
std::num_put<char, std::ostreambuf_iterator<char, std::char_traits<char>>>::_Ifmt(char *, char const *, std::_Iosb<int>::_Fmtflags) const
                         0x800'5031   0xa0  Code  Gb  main.o [1]
std::num_put<char, std::ostreambuf_iterator<char, std::char_traits<char>>>::_Iput(std::ostreambuf_iterator<char, std::char_traits<char>>, std::ios_base &, char, char *, unsigned int) const
                         0x800'408d  0x234  Code  Gb  main.o [1]
std::num_put<char, std::ostreambuf_iterator<char, std::char_traits<char>>>::_Put(std::ostreambuf_iterator<char, std::char_traits<char>>, char const *, unsigned int) const
                         0x800'3855   0x2e  Code  Gb  main.o [1]
std::num_put<char, std::ostreambuf_iterator<char, std::char_traits<char>>>::_Rep(std::ostreambuf_iterator<char, std::char_traits<char>>, char, unsigned int) const
                         0x800'3827   0x2e  Code  Gb  main.o [1]
std::num_put<char, std::ostreambuf_iterator<char, std::char_traits<char>>>::do_put(std::ostreambuf_iterator<char, std::char_traits<char>>, std::ios_base &, char, double) const
                         0x800'4829  0x190  Code  Gb  main.o [1]
std::num_put<char, std::ostreambuf_iterator<char, std::char_traits<char>>>::do_put(std::ostreambuf_iterator<char, std::char_traits<char>>, std::ios_base &, char, unsigned long) const
                         0x800'539d   0x58  Code  Gb  main.o [1]
std::num_put<char, std::ostreambuf_iterator<char, std::char_traits<char>>>::do_put(std::ostreambuf_iterator<char, std::char_traits<char>>, std::ios_base &, char, unsigned long) const::string
                         0x800'58f4    0x4  Data  Gb  main.o [1]
std::num_put<char, std::ostreambuf_iterator<char, std::char_traits<char>>>::num_put()
                         0x800'5025    0xc  Code  Gb  main.o [1]
std::num_put<char, std::ostreambuf_iterator<char, std::char_traits<char>>>::num_put() [subobject]
                         0x800'501d    0x8  Code  Gb  main.o [1]
std::num_put<char, std::ostreambuf_iterator<char, std::char_traits<char>>>::put(std::ostreambuf_iterator<char, std::char_traits<char>>, std::ios_base &, char, double) const
                         0x800'4fed   0x18  Code  Gb  main.o [1]
std::num_put<char, std::ostreambuf_iterator<char, std::char_traits<char>>>::put(std::ostreambuf_iterator<char, std::char_traits<char>>, std::ios_base &, char, unsigned long) const
                         0x800'4fd1   0x18  Code  Gb  main.o [1]
std::numpunct<char> const & std::use_facet<std::numpunct<char>>()
                         0x800'3729   0x30  Code  Gb  main.o [1]
std::numpunct<char> const & std::use_facet<std::numpunct<char>>()::_MyFacet
                        0x2000'02a4   0x14  Data  Gb  main.o [1]
std::numpunct<char>::_Init(bool)
                         0x800'3f25   0x70  Code  Gb  main.o [1]
std::numpunct<char>::_Init(bool)::string
                         0x800'2aba    0x1  Data  Gb  main.o [1]
std::numpunct<char>::_Init(bool)::string (instance 2)
                         0x800'58d4    0x8  Data  Gb  main.o [1]
std::numpunct<char>::_Init(bool)::string (instance 3)
                         0x800'58dc    0x8  Data  Gb  main.o [1]
std::numpunct<char>::_Tidy()
                         0x800'57f5   0x18  Code  Gb  main.o [1]
std::numpunct<char>::decimal_point() const
                         0x800'3803    0xa  Code  Gb  main.o [1]
std::numpunct<char>::do_decimal_point() const
                         0x800'5901    0x4  Code  Gb  main.o [1]
std::numpunct<char>::do_grouping() const
                         0x800'58c9    0xa  Code  Gb  main.o [1]
std::numpunct<char>::do_thousands_sep() const
                         0x800'5905    0x4  Code  Gb  main.o [1]
std::numpunct<char>::grouping() const
                         0x800'3759    0xa  Code  Gb  main.o [1]
std::numpunct<char>::numpunct()
                         0x800'3e19   0x28  Code  Gb  main.o [1]
std::numpunct<char>::numpunct() [subobject]
                         0x800'3b4f    0x8  Code  Gb  main.o [1]
std::numpunct<char>::thousands_sep() const
                         0x800'3763    0xa  Code  Gb  main.o [1]
std::numpunct<char>::~numpunct()
                         0x800'57dd   0x18  Code  Gb  main.o [1]
std::numpunct<char>::~numpunct() [subobject]
                         0x800'58a7    0x8  Code  Gb  main.o [1]
std::operator &(std::_Iosb<int>::_Fmtflags, std::_Iosb<int>::_Fmtflags)
                         0x800'3691    0x6  Code  Gb  main.o [1]
std::operator |=(std::_Iosb<int>::_Iostate &, std::_Iosb<int>::_Iostate)
                         0x800'44fb    0x8  Code  Gb  main.o [1]
std::ostream & std::endl<char, std::char_traits<char>>(std::ostream &)
                         0x800'5629   0x2e  Code  Gb  main.o [1]
std::ostream & std::operator <<<std::char_traits<char>>(std::ostream &, char const *)
                         0x800'42c1  0x1b2  Code  Gb  main.o [1]
std::ostream::_Flush_sentry::_Flush_sentry(std::ostream&)
                         0x800'45e5   0x28  Code  Gb  main.o [1]
std::ostream::_Flush_sentry::_Flush_sentry(std::ostream&) [subobject]
                         0x800'454d    0x8  Code  Gb  main.o [1]
std::ostream::_Flush_sentry::operator bool() const
                         0x800'44f7    0x4  Code  Gb  main.o [1]
std::ostream::_Flush_sentry::~_Flush_sentry()
                         0x800'4617   0x14  Code  Gb  main.o [1]
std::ostream::_Flush_sentry::~_Flush_sentry() [subobject]
                         0x800'45dd    0x8  Code  Gb  main.o [1]
std::ostream::_Osfx()    0x800'4739   0x54  Code  Gb  main.o [1]
std::ostream::_Sentry_base::_Sentry_base(std::ostream&)
                         0x800'4799   0x48  Code  Gb  main.o [1]
std::ostream::_Sentry_base::_Sentry_base(std::ostream&) [subobject]
                         0x800'4731    0x8  Code  Gb  main.o [1]
std::ostream::_Sentry_base::~_Sentry_base()
                         0x800'47e1   0x46  Code  Gb  main.o [1]
std::ostream::_Sentry_base::~_Sentry_base() [subobject]
                         0x800'478d    0x8  Code  Gb  main.o [1]
std::ostream::flush()    0x800'456d   0x54  Code  Gb  main.o [1]
std::ostream::operator <<(float)
                         0x800'4ef9   0xb0  Code  Gb  main.o [1]
std::ostream::operator <<(std::ostream&(*)(std::ostream&))
                         0x800'4e43    0x6  Code  Gb  main.o [1]
std::ostream::operator <<(unsigned int)
                         0x800'4da9   0x9a  Code  Gb  main.o [1]
std::ostream::put(char)
                         0x800'52c7   0x76  Code  Gb  main.o [1]
std::ostream::sentry::sentry(std::ostream&)
                         0x800'4485   0x72  Code  Gb  main.o [1]
std::ostream::sentry::~sentry()
                         0x800'453f    0xe  Code  Gb  main.o [1]
std::ostream::~basic_ostream()
                         0x800'58af    0xe  Code  Gb  iostream_cout.o [3]
std::ostreambuf_iterator<char, std::char_traits<char>>::failed() const
                         0x800'4fe9    0x4  Code  Gb  main.o [1]
std::ostreambuf_iterator<char, std::char_traits<char>>::operator *()
                         0x800'3a9d    0x2  Code  Gb  main.o [1]
std::ostreambuf_iterator<char, std::char_traits<char>>::operator ++()
                         0x800'3acd    0x2  Code  Gb  main.o [1]
std::ostreambuf_iterator<char, std::char_traits<char>>::operator =(char)
                         0x800'3a9f   0x2e  Code  Gb  main.o [1]
std::ostreambuf_iterator<char, std::char_traits<char>>::ostreambuf_iterator(std::streambuf *)
                         0x800'4fc9    0x8  Code  Gb  main.o [1]
std::remove_reference<char *&>::type && std::move<char *&>(char *& &&)
                         0x800'3e59    0x2  Code  Gb  main.o [1]
std::streambuf::_Lock()
                         0x800'294f    0x2  Code  Gb  iostream_cout.o [3]
std::streambuf::_Pnavail() const
                         0x800'3edd   0x18  Code  Gb  main.o [1]
std::streambuf::_Pninc()
                         0x800'3ef5    0xe  Code  Gb  main.o [1]
std::streambuf::_Unlock()
                         0x800'297f    0x2  Code  Gb  iostream_cout.o [3]
std::streambuf::overflow(int)
                         0x800'27db    0x6  Code  Gb  iostream_cout.o [3]
std::streambuf::pubsync()
                         0x800'460d    0xa  Code  Gb  main.o [1]
std::streambuf::sputc(char)
                         0x800'3d91   0x32  Code  Gb  main.o [1]
std::streambuf::sputn(char const *, int)
                         0x800'450d    0xa  Code  Gb  main.o [1]
std::streambuf::sync()   0x800'5909    0x4  Code  Gb  iostream_cout.o [3]
std::streambuf::xsputn(char const *, int)
                         0x800'533d   0x60  Code  Gb  iostream_cout.o [3]
std::string::_Chassign(unsigned int, unsigned int, char)
                         0x800'3a35   0x2a  Code  Gb  main.o [1]
std::string::_Copy(unsigned int, unsigned int)
                         0x800'3c11   0xd6  Code  Gb  main.o [1]
std::string::_Eos(unsigned int)
                         0x800'3a5f   0x28  Code  Gb  main.o [1]
std::string::_Grow(unsigned int, bool)
                         0x800'39a9   0x7a  Code  Gb  main.o [1]
std::string::_Inside(char const *)
                         0x800'5447   0x32  Code  Gb  main.o [1]
std::string::_Tidy(bool, unsigned int)
                         0x800'38bd   0x7a  Code  Gb  main.o [1]
std::string::assign(char const *)
                         0x800'5725   0x18  Code  Gb  main.o [1]
std::string::assign(char const *, unsigned int)
                         0x800'53f5   0x52  Code  Gb  main.o [1]
std::string::assign(const std::string&, unsigned int, unsigned int)
                         0x800'51bd   0x7c  Code  Gb  main.o [1]
std::string::assign(unsigned int, char)
                         0x800'3937   0x3a  Code  Gb  main.o [1]
std::string::basic_string(char const *)
                         0x800'5701   0x24  Code  Gb  main.o [1]
std::string::basic_string(unsigned int, char)
                         0x800'36df   0x2a  Code  Gb  main.o [1]
std::string::erase(unsigned int)
                         0x800'5239   0x22  Code  Gb  main.o [1]
std::string::erase(unsigned int, unsigned int)
                         0x800'525b   0x6c  Code  Gb  main.o [1]
std::string::insert(unsigned int, unsigned int, char)
                         0x800'376d   0x96  Code  Gb  main.o [1]
std::string::max_size() const
                         0x800'3bf9   0x18  Code  Gb  main.o [1]
std::string::operator [](unsigned int)
                         0x800'3709    0xc  Code  Gb  main.o [1]
std::string::operator [](unsigned int) const
                         0x800'380d    0xc  Code  Gb  main.o [1]
std::string::size() const
                         0x800'3819    0xa  Code  Gb  main.o [1]
std::string::~basic_string()
                         0x800'388b   0x12  Code  Gb  main.o [1]
strchr                   0x800'2745         Code  Gb  strchr.o [5]
strcspn                  0x800'3697   0x22  Code  Gb  strcspn.o [2]
strlen                   0x800'27a5         Code  Gb  strlen.o [5]
ttio_guard              0x2000'02eb    0x1  Data  Lc  XShttio.o [2]
unsigned int RegisterBase<(unsigned int)1073815628, (unsigned int)32, ReadMode>::Get<ReadMode, void>()
                         0x800'4d9d    0xc  Code  Gb  main.o [1]
void FieldValueBase<ADC1_CR1_RES_Values<ADC1::CR1, (unsigned int)24, (unsigned int)2, ReadWriteMode, ADC1::ADC1CR1Base>, ADC1::ADC1CR1Base, (unsigned int)0>::Set<ReadWriteMode, void>()
                         0x800'4d19   0x10  Code  Gb  main.o [1]
void FieldValueBase<ADC1_CR2_ADON_Values<ADC1::CR2, (unsigned int)0, (unsigned int)1, ReadWriteMode, ADC1::ADC1CR2Base>, ADC1::ADC1CR2Base, (unsigned int)1>::Set<ReadWriteMode, void>()
                         0x800'4d6d   0x10  Code  Gb  main.o [1]
void FieldValueBase<ADC1_CR2_CONT_Values<ADC1::CR2, (unsigned int)1, (unsigned int)1, ReadWriteMode, ADC1::ADC1CR2Base>, ADC1::ADC1CR2Base, (unsigned int)0>::Set<ReadWriteMode, void>()
                         0x800'4d29   0x10  Code  Gb  main.o [1]
void FieldValueBase<ADC1_CR2_EOCS_Values<ADC1::CR2, (unsigned int)10, (unsigned int)1, ReadWriteMode, ADC1::ADC1CR2Base>, ADC1::ADC1CR2Base, (unsigned int)1>::Set<ReadWriteMode, void>()
                         0x800'4d39   0x10  Code  Gb  main.o [1]
void FieldValueBase<ADC1_CR2_SWSTART_Values<ADC1::CR2, (unsigned int)30, (unsigned int)1, ReadWriteMode, ADC1::ADC1CR2Base>, ADC1::ADC1CR2Base, (unsigned int)1>::Set<ReadWriteMode, void>()
                         0x800'4d7d   0x10  Code  Gb  main.o [1]
void FieldValueBase<ADC1_SMPR1_SMPx_x_Values<ADC1::SMPR1, (unsigned int)24, (unsigned int)3, ReadWriteMode, ADC1::ADC1SMPR1Base>, ADC1::ADC1SMPR1Base, (unsigned int)4>::Set<ReadWriteMode, void>()
                         0x800'4d59   0x14  Code  Gb  main.o [1]
void FieldValueBase<ADC1_SQR1_L_Values<ADC1::SQR1, (unsigned int)20, (unsigned int)4, ReadWriteMode, ADC1::ADC1SQR1Base>, ADC1::ADC1SQR1Base, (unsigned int)0>::Set<ReadWriteMode, void>()
                         0x800'4d49   0x10  Code  Gb  main.o [1]
void FieldValueBase<ADC1_SQR3_SQ1_Values<ADC1::SQR3, (unsigned int)0, (unsigned int)5, ReadWriteMode, ADC1::ADC1SQR3Base>, ADC1::ADC1SQR3Base, (unsigned int)18>::Set<ReadWriteMode, void>()
                         0x800'4cf5   0x14  Code  Gb  main.o [1]
void FieldValueBase<ADC_Common_CCR_TSVREFE_Values<ADC_Common::CCR, (unsigned int)23, (unsigned int)1, ReadWriteMode, ADC_Common::ADC_CommonCCRBase>, ADC_Common::ADC_CommonCCRBase, (unsigned int)1>::Set<ReadWriteMode, void>()
                         0x800'4d09   0x10  Code  Gb  main.o [1]
void FieldValueBase<GPIOA_MODER_MODER15_Values<GPIOA::MODER, (unsigned int)10, (unsigned int)2, ReadWriteMode, GPIOA::GPIOAMODERBase>, GPIOA::GPIOAMODERBase, (unsigned int)1>::Set<ReadWriteMode, void>()
                         0x800'4ca9   0x14  Code  Gb  main.o [1]
void FieldValueBase<GPIOC_MODER_MODER15_Values<GPIOC::MODER, (unsigned int)10, (unsigned int)2, ReadWriteMode, GPIOC::GPIOCMODERBase>, GPIOC::GPIOCMODERBase, (unsigned int)1>::Set<ReadWriteMode, void>()
                         0x800'4c95   0x14  Code  Gb  main.o [1]
void FieldValueBase<GPIOC_MODER_MODER15_Values<GPIOC::MODER, (unsigned int)16, (unsigned int)2, ReadWriteMode, GPIOC::GPIOCMODERBase>, GPIOC::GPIOCMODERBase, (unsigned int)1>::Set<ReadWriteMode, void>()
                         0x800'4cd1   0x14  Code  Gb  main.o [1]
void FieldValueBase<GPIOC_MODER_MODER15_Values<GPIOC::MODER, (unsigned int)18, (unsigned int)2, ReadWriteMode, GPIOC::GPIOCMODERBase>, GPIOC::GPIOCMODERBase, (unsigned int)1>::Set<ReadWriteMode, void>()
                         0x800'4cbd   0x14  Code  Gb  main.o [1]
void FieldValueBase<RCC_AHB1ENR_DMA2EN_Values<RCC::APB2ENR, (unsigned int)8, (unsigned int)1, ReadWriteMode, RCC::RCCAPB2ENRBase>, RCC::RCCAPB2ENRBase, (unsigned int)1>::Set<ReadWriteMode, void>()
                         0x800'4ce5   0x10  Code  Gb  main.o [1]
void FieldValueBase<RCC_AHB1ENR_GPIOAEN_Values<RCC::AHB1ENR, (unsigned int)0, (unsigned int)1, ReadWriteMode, RCC::RCCAHB1ENRBase>, RCC::RCCAHB1ENRBase, (unsigned int)1>::Set<ReadWriteMode, void>()
                         0x800'4c75   0x10  Code  Gb  main.o [1]
void FieldValueBase<RCC_AHB1ENR_GPIOCEN_Values<RCC::AHB1ENR, (unsigned int)2, (unsigned int)1, ReadWriteMode, RCC::RCCAHB1ENRBase>, RCC::RCCAHB1ENRBase, (unsigned int)1>::Set<ReadWriteMode, void>()
                         0x800'4c85   0x10  Code  Gb  main.o [1]
void FieldValueBase<RCC_CFGR_SW_Values<RCC::CFGR, (unsigned int)0, (unsigned int)2, ReadWriteMode, RCC::RCCCFGRBase>, RCC::RCCCFGRBase, (unsigned int)1>::Set<ReadWriteMode, void>()
                         0x800'4c35   0x14  Code  Gb  main.o [1]
void FieldValueBase<RCC_CR_HSEON_Values<RCC::CR, (unsigned int)16, (unsigned int)1, ReadWriteMode, RCC::RCCCRBase>, RCC::RCCCRBase, (unsigned int)1>::Set<ReadWriteMode, void>()
                         0x800'4c15   0x10  Code  Gb  main.o [1]
void FieldValueBase<RCC_CR_HSION_Values<RCC::CR, (unsigned int)0, (unsigned int)1, ReadWriteMode, RCC::RCCCRBase>, RCC::RCCCRBase, (unsigned int)0>::Set<ReadWriteMode, void>()
                         0x800'4c65   0x10  Code  Gb  main.o [1]
void std::_Deallocate<char>(char *, unsigned int)
                         0x800'3f1d    0x8  Code  Gb  main.o [1]
void std::_Wrap_alloc<std::allocator<char>>::construct<char *, char *>(char * *, char * &&...)
                         0x800'3e5b   0x18  Code  Gb  main.o [1]
void std::_Wrap_alloc<std::allocator<char>>::destroy<char *>(char * *)
                         0x800'3b0b    0x8  Code  Gb  main.o [1]
void std::allocator<char>::construct<char *, char *>(char * *, char * &&...)
                         0x800'403d   0x20  Code  Gb  main.o [1]
void std::allocator<char>::destroy<char *>(char * *)
                         0x800'3f1b    0x2  Code  Gb  main.o [1]
void std::allocator_traits<std::allocator<char>>::construct<char *, char *>(std::allocator<char>&, char * *, char * &&...)
                         0x800'3fb3   0x18  Code  Gb  main.o [1]
void std::allocator_traits<std::allocator<char>>::destroy<char *>(std::allocator<char>&, char * *)
                         0x800'3dff    0x8  Code  Gb  main.o [1]
void std::numpunct<char>::_Getvals<char>(char)
                         0x800'400b   0x1a  Code  Gb  main.o [1]


[1] = C:\Users\User\Desktop\Temperature\Debug\Obj
[2] = dl7M_tln.a
[3] = dlpp7M_tl_nc.a
[4] = m7M_tls.a
[5] = rt7M_tl.a
[6] = shb_l.a

  21'841 bytes of readonly  code memory
     955 bytes of readonly  data memory
  17'552 bytes of readwrite data memory

Errors: none
Warnings: none
